This is pdfTeX, Version 3.141592653-2.6-1.40.29 (MiKTeX 26.5) (preloaded format=pdflatex 2026.8.18)  18 AUG 2026 19:42
entering extended mode
 restricted \write18 enabled.
 file:line:error style messages enabled.
 %&-line parsing enabled.
**c:/Users/joaovitor/www/algoritmos_pesquisa/relatorio/main.tex
(c:/Users/joaovitor/www/algoritmos_pesquisa/relatorio/main.tex
LaTeX2e <2026-06-01>
L3 programming layer <2026-07-20>
(C:\Users\joaovitor\AppData\Local\Programs\MiKTeX\tex/latex/base\article.cls
Document Class: article 2025/01/22 v1.4n Standard LaTeX document class
(C:\Users\joaovitor\AppData\Local\Programs\MiKTeX\tex/latex/base\size12.clo
File: size12.clo 2025/01/22 v1.4n Standard LaTeX file (size option)
)
\c@part=\count276
\c@section=\count277
\c@subsection=\count278
\c@subsubsection=\count279
\c@paragraph=\count280
\c@subparagraph=\count281
\c@figure=\count282
\c@table=\count283
\abovecaptionskip=\skip49
\belowcaptionskip=\skip50
\bibindent=\dimen150
) (sbc-template.sty
Package: sbc-template 2001/06/09
 (C:\Users\joaovitor\AppData\Local\Programs\MiKTeX\tex/latex/geometry\geometry.sty
Package: geometry 2026/03/07 v6.0 Page Geometry
 (C:\Users\joaovitor\AppData\Local\Programs\MiKTeX\tex/latex/graphics\keyval.sty
Package: keyval 2026-05-17 v1.15 key=value parser (DPC)
\KV@toks@=\toks17
) (C:\Users\joaovitor\AppData\Local\Programs\MiKTeX\tex/generic/iftex\ifvtex.sty
Package: ifvtex 2019/10/25 v1.7 ifvtex legacy package. Use iftex instead.
 (C:\Users\joaovitor\AppData\Local\Programs\MiKTeX\tex/generic/iftex\iftex.sty
Package: iftex 2024/12/12 v1.0g TeX engine tests
))
\Gm@cnth=\count284
\Gm@cntv=\count285
\c@Gm@tempcnt=\count286
\Gm@bindingoffset=\dimen151
\Gm@wd@mp=\dimen152
\Gm@odd@mp=\dimen153
\Gm@even@mp=\dimen154
\Gm@layoutwidth=\dimen155
\Gm@layoutheight=\dimen156
\Gm@layouthoffset=\dimen157
\Gm@layoutvoffset=\dimen158
\Gm@dimlist=\toks18
 (C:\Users\joaovitor\AppData\Local\Programs\MiKTeX\tex/latex/geometry\geometry.cfg)) (C:\Users\joaovitor\AppData\Local\Programs\MiKTeX\tex/latex/caption\caption.sty
Package: caption 2023/08/05 v3.6o Customizing captions (AR)
 (C:\Users\joaovitor\AppData\Local\Programs\MiKTeX\tex/latex/caption\caption3.sty
Package: caption3 2023/07/31 v2.4d caption3 kernel (AR)
\caption@tempdima=\dimen159
\captionmargin=\dimen160
\caption@leftmargin=\dimen161
\caption@rightmargin=\dimen162
\caption@width=\dimen163
\caption@indent=\dimen164
\caption@parindent=\dimen165
\caption@hangindent=\dimen166
Package caption Info: Standard document class detected.
)
\c@caption@flags=\count287
\c@continuedfloat=\count288
) (C:\Users\joaovitor\AppData\Local\Programs\MiKTeX\tex/latex/psnfss\times.sty
Package: times 2020/03/25 PSNFSS-v9.3 (SPQR) 
)
\c@instn=\count289
 (C:\Users\joaovitor\AppData\Local\Programs\MiKTeX\tex/latex/titlesec\titlesec.sty
Package: titlesec 2025/01/04 v2.17 Sectioning titles
\ttl@box=\box53
\beforetitleunit=\skip51
\aftertitleunit=\skip52
\ttl@plus=\dimen167
\ttl@minus=\dimen168
\ttl@toksa=\toks19
\titlewidth=\dimen169
\titlewidthlast=\dimen170
\titlewidthfirst=\dimen171
) (C:\Users\joaovitor\AppData\Local\Programs\MiKTeX\tex/latex/etoolbox\etoolbox.sty
Package: etoolbox 2025/10/02 v2.5m e-TeX tools for LaTeX (JAW)
\etb@tempcnta=\count290
)) (C:\Users\joaovitor\AppData\Local\Programs\MiKTeX\tex/latex/graphics\graphicx.sty
Package: graphicx 2026-05-17 v1.2e Enhanced LaTeX Graphics (DPC,SPQR)
 (C:\Users\joaovitor\AppData\Local\Programs\MiKTeX\tex/latex/graphics\graphics.sty
Package: graphics 2026-05-17 v1.4h Standard LaTeX Graphics (DPC,SPQR)
 (C:\Users\joaovitor\AppData\Local\Programs\MiKTeX\tex/latex/graphics\trig.sty
Package: trig 2023/12/02 v1.11 sin cos tan (DPC)
) (C:\Users\joaovitor\AppData\Local\Programs\MiKTeX\tex/latex/graphics-cfg\graphics.cfg
File: graphics.cfg 2016/06/04 v1.11 sample graphics configuration
)
Package graphics Info: Driver file: pdftex.def on input line 106.
 (C:\Users\joaovitor\AppData\Local\Programs\MiKTeX\tex/latex/graphics-def\pdftex.def
File: pdftex.def 2025/09/29 v1.2d Graphics/color driver for pdftex
))
\Gin@req@height=\dimen172
\Gin@req@width=\dimen173
) (C:\Users\joaovitor\AppData\Local\Programs\MiKTeX\tex/latex/url\url.sty
\Urlmuskip=\muskip17
Package: url 2013/09/16  ver 3.4  Verb mode for urls, etc.
) (C:\Users\joaovitor\AppData\Local\Programs\MiKTeX\tex/latex/amsmath\amsmath.sty
Package: amsmath 2026/05/19 v2.18d AMS math features
\@mathmargin=\skip53

For additional information on amsmath, use the `?' option.
(C:\Users\joaovitor\AppData\Local\Programs\MiKTeX\tex/latex/amsmath\amstext.sty
Package: amstext 2024/11/17 v2.01 AMS text
 (C:\Users\joaovitor\AppData\Local\Programs\MiKTeX\tex/latex/amsmath\amsgen.sty
File: amsgen.sty 1999/11/30 v2.0 generic functions
\@emptytoks=\toks20
\ex@=\dimen174
)) (C:\Users\joaovitor\AppData\Local\Programs\MiKTeX\tex/latex/amsmath\amsbsy.sty
Package: amsbsy 1999/11/29 v1.2d Bold Symbols
\pmbraise@=\dimen175
) (C:\Users\joaovitor\AppData\Local\Programs\MiKTeX\tex/latex/amsmath\amsopn.sty
Package: amsopn 2022/04/08 v2.04 operator names
)
\inf@bad=\count291
LaTeX Info: Redefining \frac on input line 233.
\uproot@=\count292
\leftroot@=\count293
LaTeX Info: Redefining \overline on input line 398.
LaTeX Info: Redefining \colon on input line 409.
\classnum@=\count294
\DOTSCASE@=\count295
LaTeX Info: Redefining \ldots on input line 495.
LaTeX Info: Redefining \dots on input line 498.
LaTeX Info: Redefining \cdots on input line 619.
\Mathstrutbox@=\box54
\strutbox@=\box55
LaTeX Info: Redefining \big on input line 721.
LaTeX Info: Redefining \Big on input line 722.
LaTeX Info: Redefining \bigg on input line 723.
LaTeX Info: Redefining \Bigg on input line 724.
\big@size=\dimen176
LaTeX Font Info:    Redeclaring font encoding OML on input line 742.
LaTeX Font Info:    Redeclaring font encoding OMS on input line 743.
\macc@depth=\count296
LaTeX Info: Redefining \bmod on input line 904.
LaTeX Info: Redefining \pmod on input line 909.
LaTeX Info: Redefining \smash on input line 939.
LaTeX Info: Redefining \relbar on input line 969.
LaTeX Info: Redefining \Relbar on input line 970.
\c@MaxMatrixCols=\count297
\dotsspace@=\muskip18
\c@parentequation=\count298
\dspbrk@lvl=\count299
\tag@help=\toks21
\row@=\count300
\column@=\count301
\maxfields@=\count302
\andhelp@=\toks22
\eqnshift@=\dimen177
\alignsep@=\dimen178
\tagshift@=\dimen179
\tagwidth@=\dimen180
\totwidth@=\dimen181
\lineht@=\dimen182
\@envbody=\toks23
\multlinegap=\skip54
\multlinetaggap=\skip55
\mathdisplay@stack=\toks24
LaTeX Info: Redefining \[ on input line 2965.
LaTeX Info: Redefining \] on input line 2966.
) (C:\Users\joaovitor\AppData\Local\Programs\MiKTeX\tex/latex/base\inputenc.sty
Package: inputenc 2024/02/08 v1.3d Input encoding file
\inpenc@prehook=\toks25
\inpenc@posthook=\toks26
) (C:\Users\joaovitor\AppData\Local\Programs\MiKTeX\tex/generic/babel\babel.sty
Package: babel 2026/08/08 v26.10 The multilingual framework for LuaLaTeX, pdfLaTeX and XeLaTeX
\babel@savecnt=\count303
LaTeX Encoding Info:    Redeclaring text command \ij (encoding OT1) on input line 2105.
LaTeX Encoding Info:    Redeclaring text command \IJ (encoding OT1) on input line 2107.
LaTeX Encoding Info:    Redeclaring text command \ij (encoding T1) on input line 2109.
LaTeX Encoding Info:    Redeclaring text command \IJ (encoding T1) on input line 2110.
LaTeX Encoding Info:    Ignoring declaration for text command \ij (encoding ?) on input line 2111.
LaTeX Encoding Info:    Ignoring declaration for text command \IJ (encoding ?) on input line 2113.
LaTeX Encoding Info:    Ignoring declaration for text command \SS (encoding ?) on input line 2138.
\U@D=\dimen183
\l@unhyphenated=\language79
 (C:\Users\joaovitor\AppData\Local\Programs\MiKTeX\tex/generic/babel\txtbabel.def)
\bbl@readstream=\read2
\bbl@dirlevel=\count304
Package babel Info: Configuration files are deprecated, as
(babel)             they can break document portability.
(babel)             Reported on input line 4298.

*************************************
* Local config file bblopts.cfg used
*
(C:\Users\joaovitor\AppData\Local\Programs\MiKTeX\tex/latex/arabi\bblopts.cfg
File: bblopts.cfg 2005/09/08 v0.1 add Arabic and Farsi to "declared" options of babel
) (C:\Users\joaovitor\AppData\Local\Programs\MiKTeX\tex/generic/babel/locale/invalid\babel-brazil.tex)

Package babel Warning: Name 'brazil' is deprecated.
(babel)                Use 'brazilian' instead.
(babel)                Reported on input line 4426.

Package babel Info: Importing font and identification data for 'brazil'
(babel)             from babel-pt-BR.ini. Reported on input line 4426.
(C:\Users\joaovitor\AppData\Local\Programs\MiKTeX\tex/latex/babel-portuges\brazilian.ldf
Language: portuges 2026/01/24 v1.2u Portuguese support from the babel system
Package babel Info: Hyphen rules for 'brazil' set to \l@portuguese
(babel)             (\language56). Reported on input line 100.
Package babel Info: Making " an active character on input line 132.
)) (C:\Users\joaovitor\AppData\Local\Programs\MiKTeX\tex/latex/tools\array.sty
Package: array 2026/02/24 v2.7b Tabular extension package (FMi)
\col@sep=\dimen184
\ar@mcellbox=\box56
\extrarowheight=\dimen185
\NC@list=\toks27
\extratabsurround=\skip56
\backup@length=\skip57
\ar@cellbox=\box57
)
LaTeX Font Info:    Trying to load font information for OT1+ptm on input line 24.
 (C:\Users\joaovitor\AppData\Local\Programs\MiKTeX\tex/latex/psnfss\ot1ptm.fd
File: ot1ptm.fd 2001/06/04 font definitions for OT1/ptm.
) (C:\Users\joaovitor\AppData\Local\Programs\MiKTeX\tex/latex/l3backend\l3backend-pdftex.def
File: l3backend-pdftex.def 2026-07-20 L3 backend support: PDF output (pdfTeX)
\l__color_backend_stack_int=\count305
) (main.aux
Package babel Info: 'brazil' activates 'portuges' shorthands.
(babel)             Reported on input line 5.
)
\openout1 = `main.aux'.

LaTeX Font Info:    Checking defaults for OML/cmm/m/it on input line 24.
LaTeX Font Info:    ... okay on input line 24.
LaTeX Font Info:    Checking defaults for OMS/cmsy/m/n on input line 24.
LaTeX Font Info:    ... okay on input line 24.
LaTeX Font Info:    Checking defaults for OT1/cmr/m/n on input line 24.
LaTeX Font Info:    ... okay on input line 24.
LaTeX Font Info:    Checking defaults for T1/cmr/m/n on input line 24.
LaTeX Font Info:    ... okay on input line 24.
LaTeX Font Info:    Checking defaults for TS1/cmr/m/n on input line 24.
LaTeX Font Info:    ... okay on input line 24.
LaTeX Font Info:    Checking defaults for OMX/cmex/m/n on input line 24.
LaTeX Font Info:    ... okay on input line 24.
LaTeX Font Info:    Checking defaults for U/cmr/m/n on input line 24.
LaTeX Font Info:    ... okay on input line 24.

*geometry* driver: auto-detecting
*geometry* detected driver: pdftex
*geometry* verbose mode - [ preamble ] result:
* driver: pdftex
* paper: a4paper
* layout: <same size as paper>
* layoutoffset:(h,v)=(0.0pt,0.0pt)
* modes: 
* h-part:(L,W,R)=(85.35826pt, 426.79135pt, 85.35826pt)
* v-part:(T,H,B)=(99.58464pt, 674.33032pt, 71.13188pt)
* \paperwidth=597.50787pt
* \paperheight=845.04684pt
* \textwidth=426.79135pt
* \textheight=674.33032pt
* \oddsidemargin=13.08827pt
* \evensidemargin=13.08827pt
* \topmargin=-9.68535pt
* \headheight=12.0pt
* \headsep=25.0pt
* \topskip=12.0pt
* \footskip=30.0pt
* \marginparwidth=44.0pt
* \marginparsep=10.0pt
* \columnsep=10.0pt
* \skip\footins=10.8pt plus 4.0pt minus 2.0pt
* \hoffset=0.0pt
* \voffset=0.0pt
* \mag=1000
* \@twocolumnfalse
* \@twosidefalse
* \@mparswitchfalse
* \@reversemarginfalse
* (1in=72.27pt=25.4mm, 1cm=28.453pt)

Package caption Info: Begin \AtBeginDocument code.
Package caption Info: End \AtBeginDocument code.
(C:\Users\joaovitor\AppData\Local\Programs\MiKTeX\tex/context/base/mkii\supp-pdf.mkii
[Loading MPS to PDF converter (version 2006.09.02).]
\scratchcounter=\count306
\scratchdimen=\dimen186
\scratchbox=\box58
\nofMPsegments=\count307
\nofMParguments=\count308
\everyMPshowfont=\toks28
\MPscratchCnt=\count309
\MPscratchDim=\dimen187
\MPnumerator=\count310
\makeMPintoPDFobject=\count311
\everyMPtoPDFconversion=\toks29
) (C:\Users\joaovitor\AppData\Local\Programs\MiKTeX\tex/latex/epstopdf-pkg\epstopdf-base.sty
Package: epstopdf-base 2020-01-24 v2.11 Base part for package epstopdf
Package epstopdf-base Info: Redefining graphics rule for `.eps' on input line 485.
 (C:\Users\joaovitor\AppData\Local\Programs\MiKTeX\tex/latex/00miktex\epstopdf-sys.cfg
File: epstopdf-sys.cfg 2021/03/18 v2.0 Configuration of epstopdf for MiKTeX
))
Package babel Info: Main language set to 'brazil'.
LaTeX Font Info:    Trying to load font information for OT1+pcr on input line 26.
 (C:\Users\joaovitor\AppData\Local\Programs\MiKTeX\tex/latex/psnfss\ot1pcr.fd
File: ot1pcr.fd 2001/06/04 font definitions for OT1/pcr.
) [1

{C:/Users/joaovitor/AppData/Local/MiKTeX/fonts/map/pdftex/pdftex.map}{C:/Users/joaovitor/AppData/Local/Programs/MiKTeX/fonts/enc/dvips/base/8r.enc}]
LaTeX Font Info:    Trying to load font information for TS1+ptm on input line 94.
 (C:\Users\joaovitor\AppData\Local\Programs\MiKTeX\tex/latex/psnfss\ts1ptm.fd
File: ts1ptm.fd 2001/06/04 font definitions for TS1/ptm.
) [2]
LaTeX Font Info:    Trying to load font information for OT1+phv on input line 191.
 (C:\Users\joaovitor\AppData\Local\Programs\MiKTeX\tex/latex/psnfss\ot1phv.fd
File: ot1phv.fd 2020/03/25 scalable font definitions for OT1/phv.
)
Underfull \vbox (badness 10000) has occurred while \output is active []

 [3] [4] [5]
<assets/fig1.png, id=24, 1387.584pt x 666.3294pt>
File: assets/fig1.png Graphic file (type png)
<use assets/fig1.png>
Package pdftex.def Info: assets/fig1.png  used on input line 361.
(pdftex.def)             Requested size: 426.79135pt x 204.94336pt.
LaTeX Font Info:    Font shape `OT1/phv/b/it' in size <10> not available
(Font)              Font shape `OT1/phv/b/sl' tried instead on input line 365.
LaTeX Font Info:    Trying to load font information for TS1+phv on input line 365.
 (C:\Users\joaovitor\AppData\Local\Programs\MiKTeX\tex/latex/psnfss\ts1phv.fd
File: ts1phv.fd 2020/03/25 scalable font definitions for TS1/phv.
) [6]
<assets/fig2.png, id=29, 2006.49625pt x 1198.4775pt>
File: assets/fig2.png Graphic file (type png)
<use assets/fig2.png>
Package pdftex.def Info: assets/fig2.png  used on input line 411.
(pdftex.def)             Requested size: 426.79135pt x 254.92455pt.
 [7 <./assets/fig1.png>]
<assets/fig3.png, id=36, 2006.49625pt x 1230.5975pt>
File: assets/fig3.png Graphic file (type png)
<use assets/fig3.png>
Package pdftex.def Info: assets/fig3.png  used on input line 437.
(pdftex.def)             Requested size: 426.79135pt x 261.7567pt.
 [8 <./assets/fig2.png>]
<assets/fig4.png, id=41, 2006.49625pt x 1446.40375pt>
File: assets/fig4.png Graphic file (type png)
<use assets/fig4.png>
Package pdftex.def Info: assets/fig4.png  used on input line 485.
(pdftex.def)             Requested size: 426.79135pt x 307.6602pt.
 [9 <./assets/fig3.png>] [10 <./assets/fig4.png>]
<assets/fig5.png, id=50, 2006.49625pt x 1218.5525pt>
File: assets/fig5.png Graphic file (type png)
<use assets/fig5.png>
Package pdftex.def Info: assets/fig5.png  used on input line 513.
(pdftex.def)             Requested size: 426.79135pt x 259.19464pt.
 [11 <./assets/fig5.png>]
<assets/fig6.png, id=55, 570.4512pt x 321.8424pt>
File: assets/fig6.png Graphic file (type png)
<use assets/fig6.png>
Package pdftex.def Info: assets/fig6.png  used on input line 540.
(pdftex.def)             Requested size: 384.1096pt x 216.71368pt.
 [12 <./assets/fig6.png>] [13]
<assets/fig7.png, id=65, 1148.1294pt x 852.3042pt>
File: assets/fig7.png Graphic file (type png)
<use assets/fig7.png>
Package pdftex.def Info: assets/fig7.png  used on input line 648.
(pdftex.def)             Requested size: 426.79135pt x 316.8172pt.
 [14 <./assets/fig7.png>]
<assets/fig8.png, id=70, 1147.6476pt x 852.3042pt>
File: assets/fig8.png Graphic file (type png)
<use assets/fig8.png>
Package pdftex.def Info: assets/fig8.png  used on input line 713.
(pdftex.def)             Requested size: 426.79135pt x 316.96025pt.
 [15] [16 <./assets/fig8.png>]
Underfull \hbox (badness 3417) in paragraph at lines 767--768
[]|\OT1/ptm/m/n/12 Velocidade de cres-ci-mento, cal-cu-lada como GA-
 []


Underfull \hbox (badness 2460) in paragraph at lines 775--781
[]\OT1/ptm/m/n/12 Depois de criar es-sas vari[]aveis, o ex-pe-ri-mento testa oito al-go-rit-mos de
 []

[17]
<assets/fig9.png, id=81, 1148.6112pt x 852.3042pt>
File: assets/fig9.png Graphic file (type png)
<use assets/fig9.png>
Package pdftex.def Info: assets/fig9.png  used on input line 831.
(pdftex.def)             Requested size: 426.79135pt x 316.68715pt.
 [18] [19 <./assets/fig9.png>]
<assets/fig10.png, id=90, 1292.6694pt x 569.4876pt>
File: assets/fig10.png Graphic file (type png)
<use assets/fig10.png>
Package pdftex.def Info: assets/fig10.png  used on input line 864.
(pdftex.def)             Requested size: 426.79135pt x 188.01839pt.
 [20 <./assets/fig10.png>]
<assets/fig11.png, id=97, 1147.6476pt x 852.3042pt>
File: assets/fig11.png Graphic file (type png)
<use assets/fig11.png>
Package pdftex.def Info: assets/fig11.png  used on input line 906.
(pdftex.def)             Requested size: 426.79135pt x 316.96025pt.
 [21] [22 <./assets/fig11.png>]
<assets/fig12.png, id=106, 643.203pt x 238.0092pt>
File: assets/fig12.png Graphic file (type png)
<use assets/fig12.png>
Package pdftex.def Info: assets/fig12.png  used on input line 930.
(pdftex.def)             Requested size: 426.79135pt x 157.92911pt.
<assets/fig13.png, id=107, 643.203pt x 238.0092pt>
File: assets/fig13.png Graphic file (type png)
<use assets/fig13.png>
Package pdftex.def Info: assets/fig13.png  used on input line 937.
(pdftex.def)             Requested size: 426.79135pt x 157.92911pt.
 [23 <./assets/fig12.png>] [24 <./assets/fig13.png>]
<assets/fig14.png, id=118, 1292.6694pt x 709.6914pt>
File: assets/fig14.png Graphic file (type png)
<use assets/fig14.png>
Package pdftex.def Info: assets/fig14.png  used on input line 977.
(pdftex.def)             Requested size: 426.79135pt x 234.30717pt.
<assets/fig15.png, id=119, 679.338pt x 533.8344pt>
File: assets/fig15.png Graphic file (type png)
<use assets/fig15.png>
Package pdftex.def Info: assets/fig15.png  used on input line 992.
(pdftex.def)             Requested size: 362.77525pt x 285.08133pt.
<assets/fig16.png, id=120, 678.8562pt x 423.984pt>
File: assets/fig16.png Graphic file (type png)
<use assets/fig16.png>
Package pdftex.def Info: assets/fig16.png  used on input line 999.
(pdftex.def)             Requested size: 362.77525pt x 226.57364pt.

Underfull \vbox (badness 4328) has occurred while \output is active []

 [25 <./assets/fig14.png>] [26 <./assets/fig15.png> <./assets/fig16.png>]
<assets/fig17.png, id=131, 712.5822pt x 497.2176pt>
File: assets/fig17.png Graphic file (type png)
<use assets/fig17.png>
Package pdftex.def Info: assets/fig17.png  used on input line 1012.
(pdftex.def)             Requested size: 384.1096pt x 268.02312pt.
<assets/fig18.png, id=132, 570.4512pt x 567.0786pt>
File: assets/fig18.png Graphic file (type png)
<use assets/fig18.png>
Package pdftex.def Info: assets/fig18.png  used on input line 1019.
(pdftex.def)             Requested size: 298.75264pt x 296.98521pt.
 [27 <./assets/fig17.png>] [28 <./assets/fig18.png>] (main.bbl [29]) [30] (main.aux)
 ***********
LaTeX2e <2026-06-01>
L3 programming layer <2026-07-20>
 ***********
 ) 
Here is how much of TeX's memory you used:
 6386 strings out of 467501
 107208 string characters out of 5406606
 546542 words of memory out of 5000000
 35542 multiletter control sequences out of 15000+600000
 655589 words of font info for 92 fonts, out of 8000000 for 9000
 1141 hyphenation exceptions out of 8191
 72i,15n,79p,883b,478s stack positions out of 10000i,1000n,20000p,200000b,200000s
<C:/Users/joaovitor/AppData/Local/Programs/MiKTeX/fonts/type1/public/amsfonts/cm/cmbx12.pfb><C:/Users/joaovitor/AppData/Local/Programs/MiKTeX/fonts/type1/public/amsfonts/cm/cmmi10.pfb><C:/Users/joaovitor/AppData/Local/Programs/MiKTeX/fonts/type1/public/amsfonts/cm/cmmi12.pfb><C:/Users/joaovitor/AppData/Local/Programs/MiKTeX/fonts/type1/public/amsfonts/cm/cmr10.pfb><C:/Users/joaovitor/AppData/Local/Programs/MiKTeX/fonts/type1/public/amsfonts/cm/cmr12.pfb><C:/Users/joaovitor/AppData/Local/Programs/MiKTeX/fonts/type1/public/amsfonts/cm/cmr8.pfb><C:/Users/joaovitor/AppData/Local/Programs/MiKTeX/fonts/type1/public/amsfonts/cm/cmsy10.pfb><C:/Users/joaovitor/AppData/Local/Programs/MiKTeX/fonts/type1/urw/courier/ucrr8a.pfb><C:/Users/joaovitor/AppData/Local/Programs/MiKTeX/fonts/type1/urw/helvetic/uhvb8a.pfb><C:/Users/joaovitor/AppData/Local/Programs/MiKTeX/fonts/type1/urw/helvetic/uhvbo8a.pfb><C:/Users/joaovitor/AppData/Local/Programs/MiKTeX/fonts/type1/urw/times/utmb8a.pfb><C:/Users/joaovitor/AppData/Local/Programs/MiKTeX/fonts/type1/urw/times/utmbi8a.pfb><C:/Users/joaovitor/AppData/Local/Programs/MiKTeX/fonts/type1/urw/times/utmr8a.pfb><C:/Users/joaovitor/AppData/Local/Programs/MiKTeX/fonts/type1/urw/times/utmri8a.pfb>
Output written on main.pdf (30 pages, 3276544 bytes).
PDF statistics:
 206 PDF objects out of 1000 (max. 8388607)
 0 named destinations out of 1000 (max. 500000)
 91 words of extra memory for PDF output out of 10000 (max. 10000000)

